// Jest Snapshot v1, https://goo.gl/fbAQLP

exports[`renders correctly 1`] = `
<View
  accessible={true}
  isTVSelectable={true}
  onResponderGrant={[Function]}
  onResponderMove={[Function]}
  onResponderRelease={[Function]}
  onResponderTerminate={[Function]}
  onResponderTerminationRequest={[Function]}
  onStartShouldSetResponder={[Function]}
  style={
    Object {
      "alignItems": "center",
      "backgroundColor": "#f4ff61",
      "borderColor": "#27aa80",
      "borderRadius": 10,
      "borderStyle": "solid",
      "borderWidth": 5,
      "flexBasis": 0,
      "flexGrow": 1,
      "flexShrink": 1,
      "marginBottom": 4,
      "marginLeft": 4,
      "marginRight": 4,
      "marginTop": 4,
      "opacity": 1,
      "paddingBottom": 10,
      "paddingLeft": 10,
      "paddingRight": 10,
      "paddingTop": 10,
    }
  }
>
  <Text
    style={
      Array [
        Object {
          "color": "#333",
          "fontSize": 38,
        },
      ]
    }
  >
    1
  </Text>
</View>
`;
